*** Using Compiler 'V5.06 update 5 (build 528)', folder: 'C:\Keil_v5\ARM\ARMCC\Bin'
Rebuild target 'Firmware'
assembling startup_stm32f10x_md.s...
compiling core_cm3.c...
compiling bsp_oled.c...
compiling bsp_qmc5883p.c...
compiling bsp_lora.c...
compiling bsp_ultrasonic.c...
compiling stm32f10x_it.c...
compiling app_init.c...
compiling node_config.c...
compiling app_tasks.c...
compiling main.c...
compiling misc.c...
compiling stm32f10x_adc.c...
compiling bsp_delay.c...
compiling bsp_usart.c...
compiling system_stm32f10x.c...
compiling bsp_led.c...
compiling stm32f10x_bkp.c...
compiling stm32f10x_cec.c...
compiling stm32f10x_crc.c...
compiling stm32f10x_dac.c...
compiling stm32f10x_can.c...
compiling stm32f10x_dbgmcu.c...
compiling stm32f10x_dma.c...
compiling stm32f10x_exti.c...
compiling stm32f10x_flash.c...
compiling stm32f10x_i2c.c...
compiling stm32f10x_pwr.c...
compiling stm32f10x_rcc.c...
compiling stm32f10x_iwdg.c...
compiling stm32f10x_fsmc.c...
compiling stm32f10x_gpio.c...
compiling stm32f10x_sdio.c...
compiling stm32f10x_rtc.c...
compiling stm32f10x_spi.c...
compiling stm32f10x_wwdg.c...
compiling stm32f10x_usart.c...
compiling stm32f10x_tim.c...
linking...
Program Size: Code=23892 RO-data=816 RW-data=148 ZI-data=1612  
FromELF: creating hex file...
After Build - User command #1: fromelf --bin --output ..\Output\app.bin ..\Output\firmware.axf
After Build - User command #2: python ..\..\..\Tool\fw_pack.py
[OK] G:\All_Project\Trae_Project\Smart-Paring-Iot\Node\Firmware\Output\app.bin -> G:\All_Project\Trae_Project\Smart-Paring-Iot\Node\Firmware\Output\node_v2.610.bin
     version  : 0x0262 (2.610)
     code len : 24856 bytes
     crc32    : 0x14EE01DB
     total    : 24868 bytes
"..\Output\firmware.axf" - 0 Error(s), 0 Warning(s).
Build Time Elapsed:  00:00:05
